Traceback (most recent call last):
  File "/Users/gss/Downloads/revised_agent_benchmark_paper_package/neurips_ed_track_minimal/scripts/draft_case_checklist.py", line 538, in <module>
    raise SystemExit(main())
                     ~~~~^^
  File "/Users/gss/Downloads/revised_agent_benchmark_paper_package/neurips_ed_track_minimal/scripts/draft_case_checklist.py", line 469, in main
    api_response = call_openrouter(
        api_key=api_key,
    ...<7 lines>...
        model_output_schema=model_schema,
    )
  File "/Users/gss/Downloads/revised_agent_benchmark_paper_package/neurips_ed_track_minimal/scripts/draft_case_checklist.py", line 246, in call_openrouter
    response = requests.post(
        OPENROUTER_URL,
    ...<2 lines>...
        timeout=http_timeout_seconds,
    )
  File "/Users/gss/Downloads/revised_agent_benchmark_paper_package/.venv/lib/python3.14/site-packages/requests/api.py", line 115, in post
    return request("post", url, data=data, json=json, **kwargs)
  File "/Users/gss/Downloads/revised_agent_benchmark_paper_package/.venv/lib/python3.14/site-packages/requests/api.py", line 59, in request
    return session.request(method=method, url=url, **kwargs)
           ~~~~~~~~~~~~~~~^^^^^^^^^^^^^^^^^^^^^^^^^^^^^^^^^^
  File "/Users/gss/Downloads/revised_agent_benchmark_paper_package/.venv/lib/python3.14/site-packages/requests/sessions.py", line 592, in request
    resp = self.send(prep, **send_kwargs)
  File "/Users/gss/Downloads/revised_agent_benchmark_paper_package/.venv/lib/python3.14/site-packages/requests/sessions.py", line 749, in send
    r.content
  File "/Users/gss/Downloads/revised_agent_benchmark_paper_package/.venv/lib/python3.14/site-packages/requests/models.py", line 904, in content
    self._content = b"".join(self.iter_content(CONTENT_CHUNK_SIZE)) or b""
                    ~~~~~~~~^^^^^^^^^^^^^^^^^^^^^^^^^^^^^^^^^^^^^^^
  File "/Users/gss/Downloads/revised_agent_benchmark_paper_package/.venv/lib/python3.14/site-packages/requests/models.py", line 822, in generate
    yield from self.raw.stream(chunk_size, decode_content=True)
  File "/Users/gss/Downloads/revised_agent_benchmark_paper_package/.venv/lib/python3.14/site-packages/urllib3/response.py", line 1250, in stream
    yield from self.read_chunked(amt, decode_content=decode_content)
  File "/Users/gss/Downloads/revised_agent_benchmark_paper_package/.venv/lib/python3.14/site-packages/urllib3/response.py", line 1418, in read_chunked
    self._update_chunk_length()
    ~~~~~~~~~~~~~~~~~~~~~~~~~^^
  File "/Users/gss/Downloads/revised_agent_benchmark_paper_package/.venv/lib/python3.14/site-packages/urllib3/response.py", line 1333, in _update_chunk_length
    line = self._fp.fp.readline()  # type: ignore[union-attr]
  File "/opt/homebrew/Cellar/python@3.14/3.14.3_1/Frameworks/Python.framework/Versions/3.14/lib/python3.14/socket.py", line 725, in readinto
    return self._sock.recv_into(b)
           ~~~~~~~~~~~~~~~~~~~~^^^
  File "/opt/homebrew/Cellar/python@3.14/3.14.3_1/Frameworks/Python.framework/Versions/3.14/lib/python3.14/ssl.py", line 1304, in recv_into
    return self.read(nbytes, buffer)
           ~~~~~~~~~^^^^^^^^^^^^^^^^
  File "/opt/homebrew/Cellar/python@3.14/3.14.3_1/Frameworks/Python.framework/Versions/3.14/lib/python3.14/ssl.py", line 1138, in read
    return self._sslobj.read(len, buffer)
           ~~~~~~~~~~~~~~~~~^^^^^^^^^^^^^
KeyboardInterrupt
